2026-02-15 19:25:55,381 | INFO | rf_signal_v1 | Initialized TrainingOrchestrator | Experiment=rf_signal_v1 | Run=20260215_192555
2026-02-15 19:26:02,106 | INFO | rf_signal_v1 | Split 0 | {'mse': 0.06905750873888968, 'r2': 0.15815608394496394, 'rank_ic': np.float64(0.36132376168349906)}
2026-02-15 19:26:08,425 | INFO | rf_signal_v1 | Split 1 | {'mse': 0.06874754593128438, 'r2': 0.16193467817100948, 'rank_ic': np.float64(0.4496402683069819)}
2026-02-15 19:26:14,742 | INFO | rf_signal_v1 | Split 2 | {'mse': 0.08797171285466036, 'r2': -0.07241707099014527, 'rank_ic': np.float64(0.3460648252411768)}
2026-02-15 19:26:20,918 | INFO | rf_signal_v1 | Split 3 | {'mse': 0.047906964258820205, 'r2': 0.4159912928448585, 'rank_ic': np.float64(0.6881704218970138)}
2026-02-15 19:26:27,102 | INFO | rf_signal_v1 | Split 4 | {'mse': 0.08445311907852675, 'r2': -0.029523737338230882, 'rank_ic': np.float64(0.4538818860421477)}
2026-02-15 19:26:33,216 | INFO | rf_signal_v1 | Split 5 | {'mse': 0.07124440582374815, 'r2': 0.13149676710097502, 'rank_ic': np.float64(0.5277985798581005)}
2026-02-15 19:26:39,358 | INFO | rf_signal_v1 | Split 6 | {'mse': 0.10344235732396714, 'r2': -0.2610115940445519, 'rank_ic': np.float64(0.27016471705540834)}
2026-02-15 19:26:45,553 | INFO | rf_signal_v1 | Split 7 | {'mse': 0.12956315012543876, 'r2': -0.5794364967672534, 'rank_ic': np.float64(-0.11439266904334028)}
2026-02-15 19:26:51,750 | INFO | rf_signal_v1 | Split 8 | {'mse': 0.07832094059746217, 'r2': 0.045230438430937325, 'rank_ic': np.float64(0.32281603071900655)}
2026-02-15 19:26:57,995 | INFO | rf_signal_v1 | Split 9 | {'mse': 0.07010817209948968, 'r2': 0.1453479972633639, 'rank_ic': np.float64(0.4846364629870935)}
2026-02-15 19:27:04,221 | INFO | rf_signal_v1 | Split 10 | {'mse': 0.09785725787727848, 'r2': -0.19292657221825182, 'rank_ic': np.float64(0.19575673298016205)}
2026-02-15 19:27:10,439 | INFO | rf_signal_v1 | Split 11 | {'mse': 0.11981539204944977, 'r2': -0.4606066840313876, 'rank_ic': np.float64(-0.07858517348526689)}
2026-02-15 19:27:16,717 | INFO | rf_signal_v1 | Split 12 | {'mse': 0.08064031514111653, 'r2': 0.01695615827972241, 'rank_ic': np.float64(0.20007671745461728)}
2026-02-15 19:27:22,835 | INFO | rf_signal_v1 | Split 13 | {'mse': 0.08563618467713864, 'r2': -0.04394587034988051, 'rank_ic': np.float64(0.39905450836986045)}
2026-02-15 19:27:29,004 | INFO | rf_signal_v1 | Split 14 | {'mse': 0.12330442566837173, 'r2': -0.5031396652906268, 'rank_ic': np.float64(-0.11367898395368677)}
2026-02-15 19:27:29,004 | INFO | rf_signal_v1 | Summary metrics: {'mse_mean': np.float64(0.08787129681637618), 'mse_std': np.float64(0.022249063523940935), 'r2_mean': np.float64(-0.07119295166629985), 'r2_std': np.float64(0.27122667914899423), 'rank_ic_mean': np.float64(0.29284853907418495), 'rank_ic_std': np.float64(0.23181868061340452)}
2026-02-15 19:27:35,643 | INFO | rf_signal_v1 | Split 0 | {'mse': 0.0823971349610759, 'r2': -0.0044603119064490215, 'rank_ic': np.float64(0.004599890113999244)}
2026-02-15 19:27:42,293 | INFO | rf_signal_v1 | Split 1 | {'mse': 0.08323114205434716, 'r2': -0.014627255519660487, 'rank_ic': np.float64(-0.07737789475646088)}
2026-02-15 19:27:48,955 | INFO | rf_signal_v1 | Split 2 | {'mse': 0.08116318169090458, 'r2': 0.010582166053734632, 'rank_ic': np.float64(0.09644676875258328)}
2026-02-15 19:27:55,571 | INFO | rf_signal_v1 | Split 3 | {'mse': 0.08340112213249554, 'r2': -0.0166993936151838, 'rank_ic': np.float64(-0.09871062337359575)}
2026-02-15 19:28:02,196 | INFO | rf_signal_v1 | Split 4 | {'mse': 0.08277061677379777, 'r2': -0.009013233052010738, 'rank_ic': np.float64(-0.057665954810021895)}
2026-02-15 19:28:08,900 | INFO | rf_signal_v1 | Split 5 | {'mse': 0.08408044460597068, 'r2': -0.024980658053737947, 'rank_ic': np.float64(-0.008195809917810349)}
2026-02-15 19:28:15,762 | INFO | rf_signal_v1 | Split 6 | {'mse': 0.08225062618176561, 'r2': -0.002674300120571127, 'rank_ic': np.float64(0.06288266328452888)}
2026-02-15 19:28:22,411 | INFO | rf_signal_v1 | Split 7 | {'mse': 0.08194461445752006, 'r2': 0.0010561285178506408, 'rank_ic': np.float64(0.05746253598900338)}
2026-02-15 19:28:29,025 | INFO | rf_signal_v1 | Split 8 | {'mse': 0.08513714339636606, 'r2': -0.03786231949855767, 'rank_ic': np.float64(-0.24370230947762897)}
2026-02-15 19:28:35,839 | INFO | rf_signal_v1 | Split 9 | {'mse': 0.08709048852715341, 'r2': -0.06167452680720342, 'rank_ic': np.float64(-0.11105355248120284)}
2026-02-15 19:28:42,616 | INFO | rf_signal_v1 | Split 10 | {'mse': 0.08218620868991441, 'r2': -0.00188902021990911, 'rank_ic': np.float64(0.04168773451389043)}
2026-02-15 19:28:49,276 | INFO | rf_signal_v1 | Split 11 | {'mse': 0.08300272549953448, 'r2': -0.011842748946706116, 'rank_ic': np.float64(-0.0694248750443823)}
2026-02-15 19:28:55,830 | INFO | rf_signal_v1 | Split 12 | {'mse': 0.08267610691301727, 'r2': -0.007861112844401053, 'rank_ic': np.float64(-0.046254815140628625)}
2026-02-15 19:29:02,473 | INFO | rf_signal_v1 | Split 13 | {'mse': 0.07893345547505089, 'r2': 0.03776359039937971, 'rank_ic': np.float64(0.26967429959347633)}
2026-02-15 19:29:09,111 | INFO | rf_signal_v1 | Split 14 | {'mse': 0.08145261974929706, 'r2': 0.0070537782942834415, 'rank_ic': np.float64(0.09958991763219188)}
2026-02-15 19:29:09,112 | INFO | rf_signal_v1 | Summary metrics: {'mse_mean': np.float64(0.08278117540721407), 'mse_std': np.float64(0.0017725049330532998), 'r2_mean': np.float64(-0.009141947821276138), 'r2_std': np.float64(0.021607679183887844), 'rank_ic_mean': np.float64(-0.005336135008137218), 'rank_ic_std': np.float64(0.11498960244526889)}
2026-02-15 19:29:09,122 | INFO | rf_signal_v1 | Training on full dataset
2026-02-15 19:30:13,676 | INFO | rf_signal_v1 | Initialized TrainingOrchestrator | Experiment=rf_signal_v1 | Run=20260215_193013
2026-02-15 19:30:20,224 | INFO | rf_signal_v1 | Split 0 | {'mse': 0.06905750873888968, 'r2': 0.15815608394496394, 'rank_ic': np.float64(0.36132376168349906)}
2026-02-15 19:30:26,591 | INFO | rf_signal_v1 | Split 1 | {'mse': 0.06874754593128438, 'r2': 0.16193467817100948, 'rank_ic': np.float64(0.4496402683069819)}
2026-02-15 19:30:33,101 | INFO | rf_signal_v1 | Split 2 | {'mse': 0.08797171285466036, 'r2': -0.07241707099014527, 'rank_ic': np.float64(0.3460648252411768)}
2026-02-15 19:30:39,791 | INFO | rf_signal_v1 | Split 3 | {'mse': 0.047906964258820205, 'r2': 0.4159912928448585, 'rank_ic': np.float64(0.6881704218970138)}
